2025-01-22T12:52:14.294+01:00  INFO 8720 --- [main] .i.m.MatriculasHorariosServerApplication : Starting MatriculasHorariosServerApplication using Java 21.0.5 with PID 8720 (C:\Users\2DAMprotegido\Desktop\repositorio\Reaktor_SchoolManagementServer\target\classes started by 2DAMprotegido in C:\Users\2DAMprotegido\Desktop\repositorio\Reaktor_SchoolManagementServer)
2025-01-22T12:52:14.308+01:00 DEBUG 8720 --- [main] .i.m.MatriculasHorariosServerApplication : Running with Spring Boot v3.3.5, Spring v6.1.14
2025-01-22T12:52:14.309+01:00  INFO 8720 --- [main] .i.m.MatriculasHorariosServerApplication : No active profile set, falling back to 1 default profile: "default"
2025-01-22T12:52:15.334+01:00  INFO 8720 --- [main] .s.d.r.c.RepositoryConfigurationDelegate : Bootstrapping Spring Data JPA repositories in DEFAULT mode.
2025-01-22T12:52:15.451+01:00  INFO 8720 --- [main] .s.d.r.c.RepositoryConfigurationDelegate : Finished Spring Data repository scanning in 106 ms. Found 13 JPA repository interfaces.
2025-01-22T12:52:16.144+01:00  INFO 8720 --- [main] o.s.b.w.embedded.tomcat.TomcatWebServer  : Tomcat initialized with port 8081 (http)
2025-01-22T12:52:16.163+01:00  INFO 8720 --- [main] o.apache.catalina.core.StandardService   : Starting service [Tomcat]
2025-01-22T12:52:16.163+01:00  INFO 8720 --- [main] o.apache.catalina.core.StandardEngine    : Starting Servlet engine: [Apache Tomcat/10.1.31]
2025-01-22T12:52:16.231+01:00  INFO 8720 --- [main] o.a.c.c.C.[Tomcat].[localhost].[/]       : Initializing Spring embedded WebApplicationContext
2025-01-22T12:52:16.232+01:00  INFO 8720 --- [main] w.s.c.ServletWebServerApplicationContext : Root WebApplicationContext: initialization completed in 1848 ms
2025-01-22T12:52:16.424+01:00  INFO 8720 --- [main] o.hibernate.jpa.internal.util.LogHelper  : HHH000204: Processing PersistenceUnitInfo [name: default]
2025-01-22T12:52:16.518+01:00  INFO 8720 --- [main] org.hibernate.Version                    : HHH000412: Hibernate ORM core version 6.5.3.Final
2025-01-22T12:52:16.571+01:00  INFO 8720 --- [main] o.h.c.internal.RegionFactoryInitiator    : HHH000026: Second-level cache disabled
2025-01-22T12:52:16.939+01:00  INFO 8720 --- [main] o.s.o.j.p.SpringPersistenceUnitInfo      : No LoadTimeWeaver setup: ignoring JPA class transformer
2025-01-22T12:52:16.979+01:00  INFO 8720 --- [main] com.zaxxer.hikari.HikariDataSource       : HikariPool-1 - Starting...
2025-01-22T12:52:17.397+01:00  INFO 8720 --- [main] com.zaxxer.hikari.pool.HikariPool        : HikariPool-1 - Added connection com.mysql.cj.jdbc.ConnectionImpl@3c6bd624
2025-01-22T12:52:17.399+01:00  INFO 8720 --- [main] com.zaxxer.hikari.HikariDataSource       : HikariPool-1 - Start completed.
2025-01-22T12:52:18.666+01:00  INFO 8720 --- [main] o.h.e.t.j.p.i.JtaPlatformInitiator       : HHH000489: No JTA platform available (set 'hibernate.transaction.jta.platform' to enable JTA platform integration)
2025-01-22T12:52:19.814+01:00  INFO 8720 --- [main] j.LocalContainerEntityManagerFactoryBean : Initialized JPA EntityManagerFactory for persistence unit 'default'
2025-01-22T12:52:20.094+01:00  INFO 8720 --- [main] o.s.d.j.r.query.QueryEnhancerFactory     : Hibernate is in classpath; If applicable, HQL parser will be used.
2025-01-22T12:52:20.913+01:00  WARN 8720 --- [main] JpaBaseConfiguration$JpaWebConfiguration : spring.jpa.open-in-view is enabled by default. Therefore, database queries may be performed during view rendering. Explicitly configure spring.jpa.open-in-view to disable this warning
2025-01-22T12:52:21.365+01:00  INFO 8720 --- [main] o.s.b.w.embedded.tomcat.TomcatWebServer  : Tomcat started on port 8081 (http) with context path '/'
2025-01-22T12:52:21.376+01:00  INFO 8720 --- [main] .i.m.MatriculasHorariosServerApplication : Started MatriculasHorariosServerApplication in 7.685 seconds (process running for 8.177)
